// Vitest Snapshot v1, https://vitest.dev/guide/snapshot.html

exports[`ServiceMetrics > renders correctly for all failing metrics 1`] = `"<div class="service-metrics"><!--[--><div class="service-metric-item"><span class="ellipse service-metric-fail"></span> 1.62ms <span class="service-metric-item-label">latency</span></div><div class="service-metric-item"><span class="ellipse service-metric-fail"></span> 66.07% <span class="service-metric-item-label">uptime</span></div><div class="service-metric-item"><span class="ellipse service-metric-fail"></span> 47.24% <span class="service-metric-item-label">errors</span></div><div class="service-metric-item"><span class="ellipse service-metric-neutral"></span> 31.1k <span class="service-metric-item-label">requests</span></div><!--]--></div>"`;

exports[`ServiceMetrics > renders correctly for all passing metrics 1`] = `"<div class="service-metrics"><!--[--><div class="service-metric-item"><span class="ellipse service-metric-pass"></span> 0.42ms <span class="service-metric-item-label">latency</span></div><div class="service-metric-item"><span class="ellipse service-metric-pass"></span> 96.07% <span class="service-metric-item-label">uptime</span></div><div class="service-metric-item"><span class="ellipse service-metric-pass"></span> 7.24% <span class="service-metric-item-label">errors</span></div><div class="service-metric-item"><span class="ellipse service-metric-neutral"></span> 31.1k <span class="service-metric-item-label">requests</span></div><!--]--></div>"`;

exports[`ServiceMetrics > renders correctly for all warning metrics 1`] = `"<div class="service-metrics"><!--[--><div class="service-metric-item"><span class="ellipse service-metric-warn"></span> 0.6ms <span class="service-metric-item-label">latency</span></div><div class="service-metric-item"><span class="ellipse service-metric-warn"></span> 80.00% <span class="service-metric-item-label">uptime</span></div><div class="service-metric-item"><span class="ellipse service-metric-warn"></span> 20.00% <span class="service-metric-item-label">errors</span></div><div class="service-metric-item"><span class="ellipse service-metric-neutral"></span> 31.1k <span class="service-metric-item-label">requests</span></div><!--]--></div>"`;
