// Vitest Snapshot v1, https://vitest.dev/guide/snapshot.html

exports[`AppHeader > renders correctly 1`] = `"<header data-v-1820f6ff><div class="nav" data-v-1820f6ff><router-link to="/" data-v-1820f6ff><img alt="Kong logo" src="/kong-logo.png" data-v-1820f6ff></router-link><div class="org-setting" data-v-1820f6ff><span data-v-1820f6ff>Organization</span><span data-v-1820f6ff>Settings</span></div></div><div class="profile" data-v-1820f6ff><div class="avatar-container" data-v-1820f6ff><img alt="default avatar icon" height="16px" src="/icons/default-avatar.svg" width="14px" data-v-1820f6ff></div><span class="profile-username" data-v-1820f6ff>Katherine Ellis</span></div></header>"`;
