// Vitest Snapshot v1, https://vitest.dev/guide/snapshot.html

exports[`KPagination > renders correctly 1`] = `"<div class="k-pagination"><button data-testid="previous-button"> ← </button><span class="current-page" data-testid="current-page-label">11 to 20 <span class="total-count">of 50 services</span></span><button data-testid="next-button"> → </button></div>"`;
